<script src="https://bramp.github.io/js-sequence-diagrams/js/webfont.js"></script>
<script src="https://bramp.github.io/js-sequence-diagrams/js/snap.svg-min.js"></script>
<script src="https://bramp.github.io/js-sequence-diagrams/js/underscore-min.js"></script>
<script src="https://bramp.github.io/js-sequence-diagrams/js/sequence-diagram-min.js"></script>

<div id="diagram-xxxxxxxx"></div>
<script>
  var diagram = Diagram.parse(`
  Andrew->China: Says Hello
Note right of China: China thinks about it
China-->Andrew: How are you?
Andrew->>China: I am good thanks!
`);
  diagram.drawSVG("diagram-xxxxxxxx", {theme: 'simple'});
</script>

<script src="https://cdnjs.cloudflare.com/ajax/libs/raphael/2.1.0/raphael-min.js"></script>
<script src="https://flowchart.js.org/flowchart-latest.js"></script>

<div id="diagram-xxxxxxxx"></div>
<script>
  var diagram = flowchart.parse(`
  st=>start: Start:>http://www.google.com[blank]
e=>end:>http://www.google.com
op1=>operation: My Operation
sub1=>subroutine: My Subroutine
cond=>condition: Yes
or No?:>http://www.google.com
io=>inputoutput: catch something...
para=>parallel: parallel tasks

st->op1->cond
cond(yes)->io->e
cond(no)->para
para(path1, bottom)->sub1(right)->op1
para(path2, top)->op1
`);
  diagram.drawSVG("diagram-xxxxxxxx");
</script>

<script src="https://unpkg.com/mermaid@8.8.2/dist/mermaid.min.js"></script>

<script>mermaid.initialize({startOnLoad:true});</script>
<div class="mermaid" id="diagram-xxxxxxxx">
  graph LR
  A --- B
  B-->C[fa:fa-ban forbidden]
  B-->D(fa:fa-spinner ok);
  B--->E
</div>

